Register player 8
===== mail sent to player8@localhost/Re: XXXX 
:: Judge: XXXX  

Newuser package is not being sent.  To get it, send 'get package' to the Judge.
Registration processed.
===== end of mail ======
