Register player 9
===== mail sent to player9@localhost/Re: XXXX 
:: Judge: XXXX  

Newuser package is not being sent.  To get it, send 'get package' to the Judge.
Registration processed.
===== end of mail ======
