Register player 3
input/A-Reg03.txt
===== mail sent to player3@localhost/Re: XXXX 
:: Judge: XXXX  

Newuser package is not being sent.  To get it, send 'get package' to the Judge.
Registration processed.
===== end of mail ======
