Register Master 2
input/A-RegM-2.txt
===== mail sent to master2@localhost/Re: XXXX 
:: Judge: XXXX  

Newuser package is not being sent.  To get it, send 'get package' to the Judge.
Registration processed.
===== end of mail ======
