Create Duplex game (standard for 4 players)
input/Bug91-01.txt
===== mail sent to master1@localhost/Re: XXXX:dt - S1901M 
:: Judge: XXXX  Game: Dt  Variant: Standard
:: Deadline: S1901M Thu Jan 01 1970 00:00:00 +0000  

You've been selected to play Master in game 'dt'.
You'll be notified when 7 more players sign on.
Game 'dt' now has 0 players.

Number of Players for game 'dt' set to 4.
===== end of mail ======
