input/Bug91-03.txt
input/Bug91-03.txt
===== mail sent to master1@localhost/XXXX:dt - S1901M New Player Signon: #2
player2@localhost has signed up to play a power in game 'dt'.
Game 'dt' now has 2 players.

Player player2@localhost changed preference list.

 Preference lists are now:
player1@localhost has set 'FRIGATE'.
player2@localhost has set 'IGATEFR'.

===== end of mail ======
===== mail sent to player1@localhost/XXXX:dt - S1901M New Player Signon: #2
player2@localhost has signed up to play a power in game 'dt'.
Game 'dt' now has 2 players.

===== end of mail ======
===== mail sent to player2@localhost/Re: XXXX:dt - S1901M 
:: Judge: XXXX  Game: Dt  Variant: Standard
:: Deadline: S1901M Thu Jan 01 1970 00:00:00 +0000  

You've been selected to play a power in game 'dt'.
You'll be notified when 2 more players sign on.
Game 'dt' now has 2 players.

Preference list 'IGATEFR' set.
===== end of mail ======
